
Running 1 test using 1 worker

[1A[2K[1/1] [chromium] ??tests\system.spec.js:57:7 ??Petty Cash Pro System Tests (RBAC & Logic) ??Functionality: Full Record Lifecycle (Create -> Verify -> Toggle)
[1A[2K[chromium] ??tests\system.spec.js:57:7 ??Petty Cash Pro System Tests (RBAC & Logic) ??Functionality: Full Record Lifecycle (Create -> Verify -> Toggle)
??Login Sequence Complete

[1A[2K  1) [chromium] ??tests\system.spec.js:57:7 ??Petty Cash Pro System Tests (RBAC & Logic) ??Functionality: Full Record Lifecycle (Create -> Verify -> Toggle) 

    Error: [2mexpect([22m[31mlocator[39m[2m).[22mtoContainText[2m([22m[32mexpected[39m[2m)[22m failed

    Locator: locator('table')
    Expected substring: [32m"E2E-TEST-1778086566358"[39m
    Received string:    [31m"SN?潛巨?交? DATE靘???Supplier銝剜?蝝啁 Detail(ZH)鞎餌憿 Category?嗅 IN?臬 OUT?? Photo???Status#1032026-04-22?砍蝮賡 (HQ)蝮賡?交狡?嗥?鋆?$204,899撌脖?甈?1022026-03-26?砍蝮賡 (HQ)蝮賡?交狡?嗥?鋆?$200,000撌脖?甈?[39m
    Timeout: 25000ms

    Call log:
    [2m  - Expect "toContainText" with timeout 25000ms[22m
    [2m  - waiting for locator('table')[22m
    [2m    28 ? locator resolved to <table class="w-full text-left border-collapse">??/table>[22m
    [2m       - unexpected value "SN?潛巨?交? DATE靘???Supplier銝剜?蝝啁 Detail(ZH)鞎餌憿 Category?嗅 IN?臬 OUT?? Photo???Status#1032026-04-22?砍蝮賡 (HQ)蝮賡?交狡?嗥?鋆?$204,899撌脖?甈?1022026-03-26?砍蝮賡 (HQ)蝮賡?交狡?嗥?鋆?$200,000撌脖?甈?[22m


       98 |
       99 |     // Wait for the item to appear in table
    > 100 |     await expect(page.locator('table')).toContainText(detailText, { timeout: 25000 });
          |                                         ^
      101 |     console.log('??Record Creation Verified');
      102 |
      103 |     // Toggle Payment Status
        at C:\Users\kst671nb\Desktop\AI?芸?撖阡?摰斗?蝔?嗥??撘Ⅳ\tests\system.spec.js:100:41

    attachment #1: screenshot (image/png) ??????????????????????????????????????????????????????????
    test-results\system-Petty-Cash-Pro-Syst-1a330-e-Create---Verify---Toggle--chromium\test-failed-1.png
    ????????????????????????????????????????????????????????????????????????????????????????????????

    Error Context: test-results\system-Petty-Cash-Pro-Syst-1a330-e-Create---Verify---Toggle--chromium\error-context.md


[1A[2K  1 failed
    [chromium] ??tests\system.spec.js:57:7 ??Petty Cash Pro System Tests (RBAC & Logic) ??Functionality: Full Record Lifecycle (Create -> Verify -> Toggle) 
